// Jest Snapshot v1, https://goo.gl/fbAQLP

exports[`Snapshot Should match snapshot 1`] = `
<form
  className="makeStyles-form-1"
  data-test="form"
  onSubmit={[Function]}
>
  <h4
    className="MuiTypography-root MuiTypography-h4"
  >
    Update User
  </h4>
  <div
    className="MuiFormControl-root"
  >
    <label
      className="MuiFormLabel-root MuiInputLabel-root MuiInputLabel-formControl MuiInputLabel-animated Mui-required Mui-required"
      data-shrink={false}
      htmlFor="username-input"
    >
      New Username:
       
      <span
        className="MuiFormLabel-asterisk MuiInputLabel-asterisk"
      >
        â€‰
        *
      </span>
    </label>
    <div
      className="MuiInputBase-root MuiInput-root MuiInput-underline makeStyles-formSpacing-2 MuiInputBase-fullWidth MuiInput-fullWidth MuiInputBase-formControl MuiInput-formControl"
      onClick={[Function]}
    >
      <input
        aria-invalid={false}
        autoComplete="true"
        className="MuiInputBase-input MuiInput-input"
        disabled={false}
        id="username-input"
        onAnimationStart={[Function]}
        onBlur={[Function]}
        onChange={[Function]}
        onFocus={[Function]}
        placeholder="username"
        required={false}
        type="text"
      />
    </div>
    <button
      className="MuiButtonBase-root MuiButton-root MuiButton-contained makeStyles-formSpacing-2 MuiButton-containedPrimary MuiButton-fullWidth"
      disabled={false}
      onBlur={[Function]}
      onDragLeave={[Function]}
      onFocus={[Function]}
      onKeyDown={[Function]}
      onKeyUp={[Function]}
      onMouseDown={[Function]}
      onMouseLeave={[Function]}
      onMouseUp={[Function]}
      onTouchEnd={[Function]}
      onTouchMove={[Function]}
      onTouchStart={[Function]}
      tabIndex={0}
      type="submit"
    >
      <span
        className="MuiButton-label"
      >
        Submit
      </span>
    </button>
  </div>
</form>
`;
