// Jest Snapshot v1, https://goo.gl/fbAQLP

exports[`Snapshot Matches snapshot 1`] = `
<div
  className="MuiPaper-root makeStyles-settingsContainer-1 MuiPaper-elevation4 MuiPaper-rounded"
>
  <button
    className="MuiButtonBase-root MuiButton-root MuiButton-contained makeStyles-button-31"
    data-test="button"
    disabled={false}
    onBlur={[Function]}
    onClick={[Function]}
    onDragLeave={[Function]}
    onFocus={[Function]}
    onKeyDown={[Function]}
    onKeyUp={[Function]}
    onMouseDown={[Function]}
    onMouseLeave={[Function]}
    onMouseUp={[Function]}
    onTouchEnd={[Function]}
    onTouchMove={[Function]}
    onTouchStart={[Function]}
    tabIndex={0}
    type="button"
  >
    <span
      className="MuiButton-label"
    >
      Settings
    </span>
  </button>
  <form
    className="makeStyles-addForm-67"
    data-test="entry-form"
    onSubmit={[Function]}
  >
    <h4
      className="MuiTypography-root MuiTypography-h4"
    >
      Add Link
    </h4>
    <div
      className="MuiFormControl-root"
    >
      <label
        className="MuiFormLabel-root MuiInputLabel-root MuiInputLabel-formControl MuiInputLabel-animated Mui-required Mui-required"
        data-shrink={false}
        htmlFor="url"
      >
        Website URL:
        <span
          className="MuiFormLabel-asterisk MuiInputLabel-asterisk"
        >
           
          *
        </span>
      </label>
      <div
        className="MuiInputBase-root MuiInput-root MuiInput-underline MuiInputBase-fullWidth MuiInput-fullWidth MuiInputBase-formControl MuiInput-formControl"
        data-test="form-field"
        onClick={[Function]}
      >
        <input
          aria-invalid={false}
          autoComplete="true"
          autoFocus={true}
          className="MuiInputBase-input MuiInput-input"
          disabled={false}
          id="url"
          onAnimationStart={[Function]}
          onBlur={[Function]}
          onChange={[Function]}
          onFocus={[Function]}
          placeholder="https://www.google.com"
          required={false}
          type="url"
        />
      </div>
    </div>
    <div
      className="MuiFormControl-root"
    >
      <label
        className="MuiFormLabel-root MuiInputLabel-root MuiInputLabel-formControl MuiInputLabel-animated Mui-required Mui-required"
        data-shrink={false}
        htmlFor="name"
      >
        Link Name:
        <span
          className="MuiFormLabel-asterisk MuiInputLabel-asterisk"
        >
           
          *
        </span>
      </label>
      <div
        className="MuiInputBase-root MuiInput-root MuiInput-underline MuiInputBase-fullWidth MuiInput-fullWidth MuiInputBase-formControl MuiInput-formControl"
        data-test="form-field"
        onClick={[Function]}
      >
        <input
          aria-invalid={false}
          autoComplete="true"
          className="MuiInputBase-input MuiInput-input"
          disabled={false}
          id="name"
          onAnimationStart={[Function]}
          onBlur={[Function]}
          onChange={[Function]}
          onFocus={[Function]}
          required={false}
          type="text"
        />
      </div>
      <button
        className="MuiButtonBase-root MuiButton-root MuiButton-contained makeStyles-submitButton-65 MuiButton-containedPrimary MuiButton-fullWidth"
        data-test="submit-button"
        disabled={false}
        onBlur={[Function]}
        onDragLeave={[Function]}
        onFocus={[Function]}
        onKeyDown={[Function]}
        onKeyUp={[Function]}
        onMouseDown={[Function]}
        onMouseLeave={[Function]}
        onMouseUp={[Function]}
        onTouchEnd={[Function]}
        onTouchMove={[Function]}
        onTouchStart={[Function]}
        tabIndex={0}
        type="submit"
      >
        <span
          className="MuiButton-label"
        >
          Submit
        </span>
      </button>
    </div>
  </form>
  <div
    className="makeStyles-cardsContainer-64"
  >
    <div
      className="makeStyles-mainContainer-159"
    >
      <div
        className="makeStyles-arrowContainer-160"
      >
        <button
          className="MuiButtonBase-root MuiButton-root MuiButton-text makeStyles-arrow-161"
          data-test="shift-button"
          disabled={false}
          onBlur={[Function]}
          onClick={[Function]}
          onDragLeave={[Function]}
          onFocus={[Function]}
          onKeyDown={[Function]}
          onKeyUp={[Function]}
          onMouseDown={[Function]}
          onMouseLeave={[Function]}
          onMouseUp={[Function]}
          onTouchEnd={[Function]}
          onTouchMove={[Function]}
          onTouchStart={[Function]}
          tabIndex={0}
          type="button"
        >
          <span
            className="MuiButton-label"
          >
            <svg
              aria-hidden="true"
              className="MuiSvgIcon-root"
              focusable="false"
              role="presentation"
              viewBox="0 0 24 24"
            >
              <path
                d="M4 12l1.41 1.41L11 7.83V20h2V7.83l5.58 5.59L20 12l-8-8-8 8z"
              />
            </svg>
          </span>
        </button>
        <button
          className="MuiButtonBase-root MuiButton-root MuiButton-text makeStyles-arrow-161"
          data-test="shift-button"
          disabled={false}
          onBlur={[Function]}
          onClick={[Function]}
          onDragLeave={[Function]}
          onFocus={[Function]}
          onKeyDown={[Function]}
          onKeyUp={[Function]}
          onMouseDown={[Function]}
          onMouseLeave={[Function]}
          onMouseUp={[Function]}
          onTouchEnd={[Function]}
          onTouchMove={[Function]}
          onTouchStart={[Function]}
          tabIndex={0}
          type="button"
        >
          <span
            className="MuiButton-label"
          >
            <svg
              aria-hidden="true"
              className="MuiSvgIcon-root"
              focusable="false"
              role="presentation"
              viewBox="0 0 24 24"
            >
              <path
                d="M20 12l-1.41-1.41L13 16.17V4h-2v12.17l-5.58-5.59L4 12l8 8 8-8z"
              />
            </svg>
          </span>
        </button>
      </div>
      <div
        className="MuiPaper-root makeStyles-cardContainer-154 MuiPaper-elevation1 MuiPaper-rounded"
        data-test="container"
      >
        <img
          alt="favicon"
          className="makeStyles-cardFavicon-156"
          data-test="favicon"
          src="favicon"
        />
        <span
          className="MuiTypography-root makeStyles-cardTitle-157 MuiTypography-h6"
          data-test="title"
        >
          name
        </span>
        <span
          className="MuiTypography-root makeStyles-cardUrl-158 MuiTypography-body2"
          data-test="url"
        >
          link
        </span>
        <button
          className="MuiButtonBase-root MuiButton-root MuiButton-text card-button MuiButton-textSecondary"
          data-test="delete-button"
          disabled={false}
          onBlur={[Function]}
          onClick={[Function]}
          onDragLeave={[Function]}
          onFocus={[Function]}
          onKeyDown={[Function]}
          onKeyUp={[Function]}
          onMouseDown={[Function]}
          onMouseLeave={[Function]}
          onMouseUp={[Function]}
          onTouchEnd={[Function]}
          onTouchMove={[Function]}
          onTouchStart={[Function]}
          tabIndex={0}
          type="button"
        >
          <span
            className="MuiButton-label"
          >
            Delete
          </span>
        </button>
      </div>
    </div>
  </div>
  <hr
    className="MuiDivider-root makeStyles-divider-2 MuiDivider-middle"
  />
  <form
    className="makeStyles-form-177"
    data-test="form"
    onSubmit={[Function]}
  >
    <h4
      className="MuiTypography-root MuiTypography-h4"
    >
      Update User
    </h4>
    <div
      className="MuiFormControl-root"
    >
      <label
        className="MuiFormLabel-root MuiInputLabel-root MuiInputLabel-formControl MuiInputLabel-animated Mui-required Mui-required"
        data-shrink={false}
        htmlFor="username-input"
      >
        New Username:
         
        <span
          className="MuiFormLabel-asterisk MuiInputLabel-asterisk"
        >
           
          *
        </span>
      </label>
      <div
        className="MuiInputBase-root MuiInput-root MuiInput-underline makeStyles-formSpacing-178 MuiInputBase-fullWidth MuiInput-fullWidth MuiInputBase-formControl MuiInput-formControl"
        onClick={[Function]}
      >
        <input
          aria-invalid={false}
          autoComplete="true"
          className="MuiInputBase-input MuiInput-input"
          disabled={false}
          id="username-input"
          onAnimationStart={[Function]}
          onBlur={[Function]}
          onChange={[Function]}
          onFocus={[Function]}
          placeholder="username"
          required={false}
          type="text"
        />
      </div>
      <button
        className="MuiButtonBase-root MuiButton-root MuiButton-contained makeStyles-formSpacing-178 MuiButton-containedPrimary MuiButton-fullWidth"
        disabled={false}
        onBlur={[Function]}
        onDragLeave={[Function]}
        onFocus={[Function]}
        onKeyDown={[Function]}
        onKeyUp={[Function]}
        onMouseDown={[Function]}
        onMouseLeave={[Function]}
        onMouseUp={[Function]}
        onTouchEnd={[Function]}
        onTouchMove={[Function]}
        onTouchStart={[Function]}
        tabIndex={0}
        type="submit"
      >
        <span
          className="MuiButton-label"
        >
          Submit
        </span>
      </button>
    </div>
  </form>
  <hr
    className="MuiDivider-root makeStyles-divider-2 MuiDivider-middle"
  />
  <h4
    className="MuiTypography-root MuiTypography-h4"
  >
    Reset To Default
  </h4>
  <span
    className="MuiTypography-root makeStyles-spacing-180 MuiTypography-body1 MuiTypography-colorError"
    data-test="warning"
  >
    WARNING: Pressing this button will reset everything to default!
  </span>
  <button
    className="MuiButtonBase-root MuiButton-root MuiButton-outlined makeStyles-spacing-180 MuiButton-outlinedSecondary"
    data-test="reset-button"
    disabled={false}
    onBlur={[Function]}
    onClick={[Function]}
    onDragLeave={[Function]}
    onFocus={[Function]}
    onKeyDown={[Function]}
    onKeyUp={[Function]}
    onMouseDown={[Function]}
    onMouseLeave={[Function]}
    onMouseUp={[Function]}
    onTouchEnd={[Function]}
    onTouchMove={[Function]}
    onTouchStart={[Function]}
    tabIndex={0}
    type="button"
  >
    <span
      className="MuiButton-label"
    >
      Delete User
    </span>
  </button>
</div>
`;
