// Jest Snapshot v1, https://goo.gl/fbAQLP

exports[`renders correctly 1`] = `
<div
  className="clock-container"
>
  <div
    className="clock-section"
    data-test="time"
  >
    00:00:00
  </div>
  <div
    className="date-section"
    data-test="date"
  >
    00/00/0000
  </div>
</div>
`;
