// Jest Snapshot v1, https://goo.gl/fbAQLP

exports[`Snapshot Should match snapshot 1`] = `
<div
  className="settings-container"
>
  <button
    className="close-button"
    data-test="close-button"
    onClick={[Function]}
  >
    Close
  </button>
  <form
    className="add-form"
    data-test="entry-form"
    onSubmit={[Function]}
  >
    <h3>
      Add Link
    </h3>
    <label
      for="url"
    >
      URL: 
    </label>
    <input
      data-test="form-field"
      defaultValue="https://"
      id="url"
      onChange={[Function]}
      placeholder="https://"
      required={true}
      title="Website URL eg. https://www.google.com"
      type="url"
    />
    <label
      for="name"
    >
      Link Name: 
    </label>
    <input
      data-test="form-field"
      id="name"
      onChange={[Function]}
      required={true}
    />
    <button
      className="submit-button"
      data-test="submit-button"
      type="submit"
    >
      Submit
    </button>
  </form>
  <div
    className="cards-container"
  >
    <div
      className="card-container"
      data-test="container"
    >
      <img
        alt="favicon"
        className="card-favicon"
        data-test="favicon"
        src="favicon"
      />
      <h4
        className="card-title"
        data-test="title"
      >
        name
      </h4>
      <span
        className="card-url"
        data-test="url"
      >
        link
      </span>
      <button
        className="card-button"
        data-test="delete-button"
        onClick={[Function]}
      >
        Delete
      </button>
    </div>
  </div>
</div>
`;
