// Jest Snapshot v1, https://goo.gl/fbAQLP

exports[`Snapshot Should match snapshot 1`] = `
<div>
  <p>
    Hello from NewUserForm
  </p>
</div>
`;
