// Jest Snapshot v1, https://goo.gl/fbAQLP

exports[` 1`] = `
Array [
  <h4
    className="MuiTypography-root MuiTypography-h4"
  >
    Reset To Default
  </h4>,
  <span
    className="MuiTypography-root makeStyles-spacing-1 MuiTypography-body1 MuiTypography-colorError"
    data-test="warning"
  >
    WARNING: Pressing this button will reset everything to default!
  </span>,
  <button
    className="MuiButtonBase-root MuiButton-root MuiButton-outlined makeStyles-spacing-1 MuiButton-outlinedSecondary"
    data-test="reset-button"
    disabled={false}
    onBlur={[Function]}
    onClick={[Function]}
    onDragLeave={[Function]}
    onFocus={[Function]}
    onKeyDown={[Function]}
    onKeyUp={[Function]}
    onMouseDown={[Function]}
    onMouseLeave={[Function]}
    onMouseUp={[Function]}
    onTouchEnd={[Function]}
    onTouchMove={[Function]}
    onTouchStart={[Function]}
    tabIndex={0}
    type="button"
  >
    <span
      className="MuiButton-label"
    >
      Delete User
    </span>
  </button>,
]
`;
