// Jest Snapshot v1, https://goo.gl/fbAQLP

exports[`Snapshot Should match snapshot 1`] = `
<button
  className="MuiButtonBase-root MuiButton-root MuiButton-contained makeStyles-button-1"
  data-test="button"
  disabled={false}
  onBlur={[Function]}
  onClick={[Function]}
  onDragLeave={[Function]}
  onFocus={[Function]}
  onKeyDown={[Function]}
  onKeyUp={[Function]}
  onMouseDown={[Function]}
  onMouseLeave={[Function]}
  onMouseUp={[Function]}
  onTouchEnd={[Function]}
  onTouchMove={[Function]}
  onTouchStart={[Function]}
  tabIndex={0}
  type="button"
>
  <span
    className="MuiButton-label"
  >
    Settings
  </span>
</button>
`;
